111333
111222
333222
111333
222111
222333
111333
111222
333222
333111
222111
333222
111333
111222
333222
111333
222111
222333
111333
222111
333222
333111
222111
222333
111333
111222
333222
111333
222111
222333
111333
