truefalse
truefalse
falsefalsetrue
falsetrue
falsetrue